Microchip MPLAB XC8 Compiler V2.41

Linker command line:

-W-3 \
  --edf=C:/Program Files/Microchip/MPLABX/v6.10/packs/Microchip/PIC18Fxxxx_DFP/1.4.151/xc8\pic\dat\20230323171731_en.msgs \
  -cn -h+dist/default/debug\Password_Safe.X.debug.sym \
  --cmf=dist/default/debug\Password_Safe.X.debug.cmf -z -Q18F4620 \
  -oC:\Users\AHMEDY~1\AppData\Local\Temp\xcAsak0.\driver_tmp_3.o \
  --defsym=__MPLAB_BUILD=1 --fixupoverflow=error \
  -Mdist/default/debug/Password_Safe.X.debug.map \
  --md=C:\Users\AHMEDY~1\AppData\Local\Temp\xcAsak0.\driver_tmp_0.dat -E1 \
  -ver=XC8 Compiler --acfsm=1493 -ACODE=00h-0FFFFh -ACONST=00h-0FFFFh \
  -ASMALLCONST=01000h-010FFhx240 -AMEDIUMCONST=01000h-0FFFFh \
  -ACOMRAM=01h-07Fh -AABS1=00h-0F7Fh -ABIGRAM=01h-0F7Fh \
  -ARAM=080h-0FFh,0100h-01FFhx14,0F00h-0F7Fh -ABANK0=080h-0FFh \
  -ABANK1=0100h-01FFh -ABANK2=0200h-02FFh -ABANK3=0300h-03FFh \
  -ABANK4=0400h-04FFh -ABANK5=0500h-05FFh -ABANK6=0600h-06FFh \
  -ABANK7=0700h-07FFh -ABANK8=0800h-08FFh -ABANK9=0900h-09FFh \
  -ABANK10=0A00h-0AFFh -ABANK11=0B00h-0BFFh -ABANK12=0C00h-0CFFh \
  -ABANK13=0D00h-0DFFh -ABANK14=0E00h-0EFFh -ABANK15=0F00h-0F7Fh \
  -ASFR=0F80h-0FFFh -ABIGSFR=0F80h-0FFFh -ACONFIG=0300000h-030000Dh \
  -AIDLOC=0200000h-0200007h -AEEDATA=0F00000h-0F003FFh -peeprom_data=EEDATA \
  -preset_vec=00h,intcode=08h,intcodelo,powerup,init -pramtop=01000h \
  -psmallconst=SMALLCONST -pmediumconst=MEDIUMCONST -pconst=CONST \
  -AFARRAM=00h-00h \
  -prdata=COMRAM,nvrram=COMRAM,nvbit=COMRAM,rbss=COMRAM,rbit=COMRAM \
  -pfarbss=FARRAM,fardata=FARRAM,nvFARRAM=FARRAM \
  -pintsave_regs=BIGRAM,bigbss=BIGRAM,bigdata=BIGRAM -pbss=RAM \
  -pidata=CODE,irdata=CODE,ibigdata=CODE,ifardata=CODE -prparam=COMRAM \
  C:\Users\AHMEDY~1\AppData\Local\Temp\xcAsak0.\driver_tmp_9.o \
  dist/default/debug\Password_Safe.X.debug.o 

Object code version is 3.11

Machine type is 18F4620



                Name                               Link     Load   Length Selector   Space Scale
C:\Users\AHMEDY~1\AppData\Local\Temp\xcAsak0.\driver_tmp_9.o
                config                           300000   300000        E        0       4
                init                                  E        E        4        4       0
                reset_vec                             0        0        4        0       0
dist/default/debug\Password_Safe.X.debug.o
                intcode                               8        8        6        4       0
                config                           300000   300000        E        0       4
                temp                                 5D       5D        1        1       1
                smallconst                         1000     1000       3E      800       0
                text41                             27FC     27FC       38     13FE       0
                text40                             1CC0     1CC0       A6      81F       0
                text39                             1B44     1B44       C0      81F       0
                text38                             1952     1952      11E      81F       0
                text37                             26E0     26E0       4E      81F       0
                text36                             1F3C     1F3C       88      81F       0
                text35                             2432     2432       6C      81F       0
                text34                             2156     2156       86      81F       0
                text33                             20D0     20D0       86      81F       0
                text32                             204A     204A       86      81F       0
                text31                             28F0     28F0       1C     13FE       0
                text30                             28D4     28D4       1C     13FE       0
                text29                             28B8     28B8       1C     13FE       0
                text28                             1C04     1C04       BC      81F       0
                text27                             1FC4     1FC4       86      81F       0
                text26                             2776     2776       44      81F       0
                intcode_body                       14A6     14A6      13A      81F       0
                text24                             272E     272E       48      81F       0
                text23                             289A     289A       1E     13FE       0
                text22                             287C     287C       1E     13FE       0
                text21                             285E     285E       1E     13FE       0
                text20                             1E0A     1E0A       A0      81F       0
                text19                             2508     2508       6A      81F       0
                text18                             249E     249E       6A      81F       0
                text17                             182E     182E      124      81F       0
                text16                             22D8     22D8       76      81F       0
                text15                             15E0     15E0      12A      81F       0
                text14                             2834     2834       2A     13FE       0
                text13                             25D4     25D4       62      81F       0
                text12                             122A     122A      140      81F       0
                text11                             170A     170A      124      81F       0
                text10                             23C0     23C0       72      81F       0
                text9                              1D66     1D66       A4      81F       0
                text8                              268C     268C       54      81F       0
                text7                              1EAA     1EAA       92      81F       0
                text6                              225A     225A       7E      81F       0
                text5                              136A     136A      13C      81F       0
                text4                              2636     2636       56      81F       0
                text3                              1A70     1A70       D4      81F       0
                text2                              21DC     21DC       7E      81F       0
                text1                              234E     234E       72      81F       0
                text0                              103E     103E      1EC      81F       0
                cstackCOMRAM                          1        1       23        1       1
                cstackBANK0                          C1       C1       21       80       1
                dataBANK0                            80       80       41       80       1
                bssBANK0                             E2       E2       11       80       1
                dataCOMRAM                           42       42       1B        1       1
                bssCOMRAM                            24       24       1E        1       1
                cinit                              2572     2572       62      81F       0
                idataBANK0                         27BA     27BA       41      81F       0
                idataCOMRAM                        290C     290C       1B     13FE       0

TOTAL           Name                               Link     Load   Length     Space
        CLASS   CODE           
                intcode                               8        8        6         0
                init                                  E        E        4         0
                reset_vec                             0        0        4         0
                text41                             27FC     27FC       38         0
                text40                             1CC0     1CC0       A6         0
                text39                             1B44     1B44       C0         0
                text38                             1952     1952      11E         0
                text37                             26E0     26E0       4E         0
                text36                             1F3C     1F3C       88         0
                text35                             2432     2432       6C         0
                text34                             2156     2156       86         0
                text33                             20D0     20D0       86         0
                text32                             204A     204A       86         0
                text31                             28F0     28F0       1C         0
                text30                             28D4     28D4       1C         0
                text29                             28B8     28B8       1C         0
                text28                             1C04     1C04       BC         0
                text27                             1FC4     1FC4       86         0
                text26                             2776     2776       44         0
                intcode_body                       14A6     14A6      13A         0
                text24                             272E     272E       48         0
                text23                             289A     289A       1E         0
                text22                             287C     287C       1E         0
                text21                             285E     285E       1E         0
                text20                             1E0A     1E0A       A0         0
                text19                             2508     2508       6A         0
                text18                             249E     249E       6A         0
                text17                             182E     182E      124         0
                text16                             22D8     22D8       76         0
                text15                             15E0     15E0      12A         0
                text14                             2834     2834       2A         0
                text13                             25D4     25D4       62         0
                text12                             122A     122A      140         0
                text11                             170A     170A      124         0
                text10                             23C0     23C0       72         0
                text9                              1D66     1D66       A4         0
                text8                              268C     268C       54         0
                text7                              1EAA     1EAA       92         0
                text6                              225A     225A       7E         0
                text5                              136A     136A      13C         0
                text4                              2636     2636       56         0
                text3                              1A70     1A70       D4         0
                text2                              21DC     21DC       7E         0
                text1                              234E     234E       72         0
                text0                              103E     103E      1EC         0
                cinit                              2572     2572       62         0
                idataBANK0                         27BA     27BA       41         0
                idataCOMRAM                        290C     290C       1B         0

        CLASS   CONST          

        CLASS   SMALLCONST     
                smallconst                         1000     1000       3E         0

        CLASS   MEDIUMCONST    

        CLASS   COMRAM         
                temp                                 5D       5D        1         1
                cstackCOMRAM                          1        1       23         1
                dataCOMRAM                           42       42       1B         1
                bssCOMRAM                            24       24       1E         1

        CLASS   ABS1           

        CLASS   BIGRAM         

        CLASS   RAM            

        CLASS   BANK0          
                cstackBANK0                          C1       C1       21         1
                dataBANK0                            80       80       41         1
                bssBANK0                             E2       E2       11         1

        CLASS   BANK1          

        CLASS   BANK2          

        CLASS   BANK3          

        CLASS   BANK4          

        CLASS   BANK5          

        CLASS   BANK6          

        CLASS   BANK7          

        CLASS   BANK8          

        CLASS   BANK9          

        CLASS   BANK10         

        CLASS   BANK11         

        CLASS   BANK12         

        CLASS   BANK13         

        CLASS   BANK14         

        CLASS   BANK15         

        CLASS   SFR            

        CLASS   BIGSFR         

        CLASS   CONFIG         
                config                           300000   300000        E         4

        CLASS   IDLOC          

        CLASS   EEDATA         

        CLASS   FARRAM         

        CLASS   HEAP           

        CLASS   STACK          



SEGMENTS        Name                           Load    Length   Top    Selector   Space  Class

                reset_vec                      000000  000004  000004         0       0  CODE    
                cstackCOMRAM                   000001  00005D  00005E         1       1  COMRAM  
                intcode                        000008  00000A  000012         4       0  CODE    
                dataBANK0                      000080  000073  0000F3        80       1  BANK0   
                smallconst                     001000  00003E  00103E       800       0  SMALLCON
                text0                          00103E  0017BD  0027FB       81F       0  CODE    
                text41                         0027FC  00012B  002927      13FE       0  CODE    


UNUSED ADDRESS RANGES

        Name                Unused          Largest block    Delta
        BANK0            0000F3-0000FF                D
        BANK1            000100-0001FF              100
        BANK10           000A00-000AFF              100
        BANK11           000B00-000BFF              100
        BANK12           000C00-000CFF              100
        BANK13           000D00-000DFF              100
        BANK14           000E00-000EFF              100
        BANK15           000F00-000F7F               80
        BANK2            000200-0002FF              100
        BANK3            000300-0003FF              100
        BANK4            000400-0004FF              100
        BANK5            000500-0005FF              100
        BANK6            000600-0006FF              100
        BANK7            000700-0007FF              100
        BANK8            000800-0008FF              100
        BANK9            000900-0009FF              100
        BIGRAM           00005E-00007F               22
                         0000F3-000F7F              E8D
        BIGSFR           000F80-000FFF               80
        CODE             000004-000007                4
                         000012-000FFF              FEE
                         0027FB-0027FB                1
                         002927-00FFFF             D6D9
        COMRAM           00005E-00007F               22
        CONST            000004-000007                4
                         000012-000FFF              FEE
                         0027FB-0027FB                1
                         002927-00FFFF             D6D9
        EEDATA           F00000-F003FF              400
        IDLOC            200000-200007                8
        MEDIUMCONST      0027FB-0027FB                1
                         002927-00FFFF             D6D9
        RAM              0000F3-000F7F              100
        SFR              000F80-000FFF               80
        SMALLCONST       0027FB-0027FB                1
                         002927-00FFFF              100

                                  Symbol Table

EEPROM_Read_Data@addrees                    cstackCOMRAM 000001
EEPROM_Read_Data@data                       cstackCOMRAM 000003
EEPROM_Write_Data@addrees                   cstackBANK0  0000C1
EEPROM_Write_Data@data                      cstackBANK0  0000C3
EEPROM_Write_Data@global_iterrupr_status    cstackCOMRAM 000023
INT0_SET_HUNDLER_INTERRUPT@interrupt_hunder cstackBANK0  0000C1
INT1_SET_HUNDLER_INTERRUPT@interrupt_hunder cstackBANK0  0000C1
INT2_SET_HUNDLER_INTERRUPT@interrupt_hunder cstackBANK0  0000C1
INTX_SET_HUNDLER_INTERRUPT@int_obj          cstackBANK0  0000C3
Interrupt_INTX_intialize@int_obj            cstackBANK0  0000CB
Interrupt_INTx_Clear_Flag@int_obj           cstackBANK0  0000C1
Interrupt_INTx_Disable@int_obj              cstackBANK0  0000C1
Interrupt_INTx_Edge_Init@int_obj            cstackBANK0  0000C1
Interrupt_INTx_Enable@int_obj               cstackBANK0  0000C1
Interrupt_INTx_Pin_Init@int_obj             cstackBANK0  0000C9
Interrupt_RBX_intialize@int_obj             cstackBANK0  0000C9
Interrupt_RBX_intialize@ret                 cstackBANK0  0000CD
RB4_ISR@RB4_Source                          cstackCOMRAM 00001A
_EEADR                                      (abs)        000FA9
_EEADRH                                     (abs)        000FAA
_EECON1bits                                 (abs)        000FA6
_EECON2                                     (abs)        000FA7
_EEDATA                                     (abs)        000FA8
_EEPROM_Read_Data                           text41       0027FC
_EEPROM_Write_Data                          text24       00272E
_INT0_HUNDLER_INTERRUPT                     bssCOMRAM    00003C
_INT0_ISR                                   text31       0028F0
_INT0_SET_HUNDLER_INTERRUPT                 text23       00289A
_INT0_obj                                   dataBANK0    0000BB
_INT1_HUNDLER_INTERRUPT                     bssCOMRAM    00003A
_INT1_ISR                                   text30       0028D4
_INT1_SET_HUNDLER_INTERRUPT                 text22       00287C
_INT1_obj                                   dataBANK0    0000B5
_INT2_HUNDLER_INTERRUPT                     bssCOMRAM    000038
_INT2_ISR                                   text29       0028B8
_INT2_SET_HUNDLER_INTERRUPT                 text21       00285E
_INT2_obj                                   dataBANK0    0000AF
_INTCON2bits                                (abs)        000FF1
_INTCON3bits                                (abs)        000FF0
_INTCONbits                                 (abs)        000FF2
_INTX_SET_HUNDLER_INTERRUPT                 text20       001E0A
_InterruptManager                           intcode      000008
_Interrupt_INTX_intialize                   text13       0025D4
_Interrupt_INTx_Clear_Flag                  text19       002508
_Interrupt_INTx_Disable                     text18       00249E
_Interrupt_INTx_Edge_Init                   text17       00182E
_Interrupt_INTx_Enable                      text16       0022D8
_Interrupt_INTx_Pin_Init                    text14       002834
_Interrupt_RBX_intialize                    text12       00122A
_LATA                                       (abs)        000F89
_LATB                                       (abs)        000F8A
_LATC                                       (abs)        000F8B
_LATD                                       (abs)        000F8C
_LATE                                       (abs)        000F8D
_PORTA                                      (abs)        000F80
_PORTB                                      (abs)        000F81
_PORTBbits                                  (abs)        000F81
_PORTC                                      (abs)        000F82
_PORTD                                      (abs)        000F83
_PORTE                                      (abs)        000F84
_RB4_Flag                                   dataCOMRAM   00004C
_RB4_ISR                                    text26       002776
_RB4_InterruptHandler_HIGH                  bssCOMRAM    000034
_RB4_InterruptHandler_LOW                   bssCOMRAM    000036
_RB5_InterruptHandler_HIGH                  bssCOMRAM    000030
_RB5_InterruptHandler_LOW                   bssCOMRAM    000032
_RB6_InterruptHandler_HIGH                  bssCOMRAM    00002C
_RB6_InterruptHandler_LOW                   bssCOMRAM    00002E
_RB7_InterruptHandler_HIGH                  bssCOMRAM    000028
_RB7_InterruptHandler_LOW                   bssCOMRAM    00002A
_RB_obj_1                                   dataBANK0    0000A9
_TRISA                                      (abs)        000F92
_TRISB                                      (abs)        000F93
_TRISC                                      (abs)        000F94
_TRISD                                      (abs)        000F95
_TRISE                                      (abs)        000F96
__HRAM                                      (abs)        000000
__H__absolute__                             __absolute__ 000000
__Habs1                                     abs1         000000
__Hbank0                                    bank0        000000
__Hbank1                                    bank1        000000
__Hbank10                                   bank10       000000
__Hbank11                                   bank11       000000
__Hbank12                                   bank12       000000
__Hbank13                                   bank13       000000
__Hbank14                                   bank14       000000
__Hbank15                                   bank15       000000
__Hbank2                                    bank2        000000
__Hbank3                                    bank3        000000
__Hbank4                                    bank4        000000
__Hbank5                                    bank5        000000
__Hbank6                                    bank6        000000
__Hbank7                                    bank7        000000
__Hbank8                                    bank8        000000
__Hbank9                                    bank9        000000
__Hbigbss                                   bigbss       000000
__Hbigdata                                  bigdata      000000
__Hbigram                                   bigram       000000
__Hbigsfr                                   bigsfr       000000
__Hbss                                      bss          000000
__HbssBANK0                                 bssBANK0     000000
__HbssCOMRAM                                bssCOMRAM    000000
__Hcinit                                    cinit        000000
__Hclrtext                                  clrtext      000000
__Hcomram                                   comram       000000
__Hconfig                                   config       30000E
__Hconst                                    const        000000
__HcstackBANK0                              cstackBANK0  000000
__HcstackCOMRAM                             cstackCOMRAM 000000
__Hdata                                     data         000000
__HdataBANK0                                dataBANK0    000000
__HdataCOMRAM                               dataCOMRAM   000000
__Heeprom_data                              eeprom_data  000000
__Hfarbss                                   farbss       000000
__Hfardata                                  fardata      000000
__Hheap                                     heap         000000
__Hibigdata                                 ibigdata     000000
__Hidata                                    idata        000000
__HidataBANK0                               idataBANK0   000000
__HidataCOMRAM                              idataCOMRAM  000000
__Hidloc                                    idloc        000000
__Hifardata                                 ifardata     000000
__Hinit                                     init         000012
__Hintcode                                  intcode      00000E
__Hintcode_body                             intcode_body 000000
__Hintcodelo                                intcodelo    00000E
__Hintentry                                 intentry     000000
__Hintret                                   intret       000000
__Hintsave_regs                             intsave_regs 000000
__Hirdata                                   irdata       000000
__Hmediumconst                              mediumconst  000000
__HnvFARRAM                                 nvFARRAM     000000
__Hnvbit                                    nvbit        000000
__Hnvrram                                   nvrram       000000
__Hparam                                    rparam       000000
__Hpowerup                                  powerup      00000E
__Hram                                      ram          000000
__Hramtop                                   ramtop       001000
__Hrbit                                     rbit         000000
__Hrbss                                     rbss         000000
__Hrdata                                    rdata        000000
__Hreset_vec                                reset_vec    000004
__Hrparam                                   rparam       000000
__Hsfr                                      sfr          000000
__Hsmallconst                               smallconst   00103E
__Hspace_0                                  (abs)        002927
__Hspace_1                                  (abs)        0000F3
__Hspace_2                                  (abs)        000000
__Hspace_4                                  (abs)        60000E
__Hstack                                    stack        000000
__Hstruct                                   struct       000000
__Htemp                                     temp         00005E
__Htext                                     text         000000
__Htext0                                    text0        000000
__Htext1                                    text1        000000
__Htext10                                   text10       000000
__Htext11                                   text11       000000
__Htext12                                   text12       000000
__Htext13                                   text13       000000
__Htext14                                   text14       000000
__Htext15                                   text15       000000
__Htext16                                   text16       000000
__Htext17                                   text17       000000
__Htext18                                   text18       000000
__Htext19                                   text19       000000
__Htext2                                    text2        000000
__Htext20                                   text20       000000
__Htext21                                   text21       000000
__Htext22                                   text22       000000
__Htext23                                   text23       000000
__Htext24                                   text24       000000
__Htext26                                   text26       000000
__Htext27                                   text27       000000
__Htext28                                   text28       000000
__Htext29                                   text29       000000
__Htext3                                    text3        000000
__Htext30                                   text30       000000
__Htext31                                   text31       000000
__Htext32                                   text32       000000
__Htext33                                   text33       000000
__Htext34                                   text34       000000
__Htext35                                   text35       000000
__Htext36                                   text36       000000
__Htext37                                   text37       000000
__Htext38                                   text38       000000
__Htext39                                   text39       000000
__Htext4                                    text4        000000
__Htext40                                   text40       000000
__Htext41                                   text41       000000
__Htext42                                   text42       000000
__Htext5                                    text5        000000
__Htext6                                    text6        000000
__Htext7                                    text7        000000
__Htext8                                    text8        000000
__Htext9                                    text9        000000
__LRAM                                      (abs)        000001
__L__absolute__                             __absolute__ 000000
__Labs1                                     abs1         000000
__Lbank0                                    bank0        000000
__Lbank1                                    bank1        000000
__Lbank10                                   bank10       000000
__Lbank11                                   bank11       000000
__Lbank12                                   bank12       000000
__Lbank13                                   bank13       000000
__Lbank14                                   bank14       000000
__Lbank15                                   bank15       000000
__Lbank2                                    bank2        000000
__Lbank3                                    bank3        000000
__Lbank4                                    bank4        000000
__Lbank5                                    bank5        000000
__Lbank6                                    bank6        000000
__Lbank7                                    bank7        000000
__Lbank8                                    bank8        000000
__Lbank9                                    bank9        000000
__Lbigbss                                   bigbss       000000
__Lbigdata                                  bigdata      000000
__Lbigram                                   bigram       000000
__Lbigsfr                                   bigsfr       000000
__Lbss                                      bss          000000
__LbssBANK0                                 bssBANK0     000000
__LbssCOMRAM                                bssCOMRAM    000000
__Lcinit                                    cinit        000000
__Lclrtext                                  clrtext      000000
__Lcomram                                   comram       000000
__Lconfig                                   config       000000
__Lconst                                    const        000000
__LcstackBANK0                              cstackBANK0  000000
__LcstackCOMRAM                             cstackCOMRAM 000000
__Ldata                                     data         000000
__LdataBANK0                                dataBANK0    000000
__LdataCOMRAM                               dataCOMRAM   000000
__Leeprom_data                              eeprom_data  000000
__Lfarbss                                   farbss       000000
__Lfardata                                  fardata      000000
__Lheap                                     heap         000000
__Libigdata                                 ibigdata     000000
__Lidata                                    idata        000000
__LidataBANK0                               idataBANK0   000000
__LidataCOMRAM                              idataCOMRAM  000000
__Lidloc                                    idloc        000000
__Lifardata                                 ifardata     000000
__Linit                                     init         00000E
__Lintcode                                  intcode      000008
__Lintcode_body                             intcode_body 000000
__Lintcodelo                                intcodelo    00000E
__Lintentry                                 intentry     000000
__Lintret                                   intret       000000
__Lintsave_regs                             intsave_regs 000000
__Lirdata                                   irdata       000000
__Lmediumconst                              mediumconst  000000
__LnvFARRAM                                 nvFARRAM     000000
__Lnvbit                                    nvbit        000000
__Lnvrram                                   nvrram       000000
__Lparam                                    rparam       000000
__Lpowerup                                  powerup      00000E
__Lram                                      ram          000000
__Lramtop                                   ramtop       001000
__Lrbit                                     rbit         000000
__Lrbss                                     rbss         000000
__Lrdata                                    rdata        000000
__Lreset_vec                                reset_vec    000000
__Lrparam                                   rparam       000000
__Lsfr                                      sfr          000000
__Lsmallconst                               smallconst   001000
__Lspace_0                                  (abs)        000000
__Lspace_1                                  (abs)        000000
__Lspace_2                                  (abs)        000000
__Lspace_4                                  (abs)        000000
__Lstack                                    stack        000000
__Lstruct                                   struct       000000
__Ltemp                                     temp         00005D
__Ltext                                     text         000000
__Ltext0                                    text0        000000
__Ltext1                                    text1        000000
__Ltext10                                   text10       000000
__Ltext11                                   text11       000000
__Ltext12                                   text12       000000
__Ltext13                                   text13       000000
__Ltext14                                   text14       000000
__Ltext15                                   text15       000000
__Ltext16                                   text16       000000
__Ltext17                                   text17       000000
__Ltext18                                   text18       000000
__Ltext19                                   text19       000000
__Ltext2                                    text2        000000
__Ltext20                                   text20       000000
__Ltext21                                   text21       000000
__Ltext22                                   text22       000000
__Ltext23                                   text23       000000
__Ltext24                                   text24       000000
__Ltext26                                   text26       000000
__Ltext27                                   text27       000000
__Ltext28                                   text28       000000
__Ltext29                                   text29       000000
__Ltext3                                    text3        000000
__Ltext30                                   text30       000000
__Ltext31                                   text31       000000
__Ltext32                                   text32       000000
__Ltext33                                   text33       000000
__Ltext34                                   text34       000000
__Ltext35                                   text35       000000
__Ltext36                                   text36       000000
__Ltext37                                   text37       000000
__Ltext38                                   text38       000000
__Ltext39                                   text39       000000
__Ltext4                                    text4        000000
__Ltext40                                   text40       000000
__Ltext41                                   text41       000000
__Ltext42                                   text42       000000
__Ltext5                                    text5        000000
__Ltext6                                    text6        000000
__Ltext7                                    text7        000000
__Ltext8                                    text8        000000
__Ltext9                                    text9        000000
__S0                                        (abs)        002927
__S1                                        (abs)        0000F3
__S4                                        (abs)        000000
__S5                                        (abs)        000000
___heap_hi                                  (abs)        000000
___heap_lo                                  (abs)        000000
___inthi_sp                                 stack        000000
___intlo_sp                                 stack        000000
___param_bank                               (abs)        000000
___rparam_used                              (abs)        000001
___sp                                       stack        000000
__accesstop                                 (abs)        000080
__activetblptr                              (abs)        000003
__end_of_EEPROM_Read_Data                   text41       002834
__end_of_EEPROM_Write_Data                  text24       002776
__end_of_INT0_ISR                           text31       00290C
__end_of_INT0_SET_HUNDLER_INTERRUPT         text23       0028B8
__end_of_INT1_ISR                           text30       0028F0
__end_of_INT1_SET_HUNDLER_INTERRUPT         text22       00289A
__end_of_INT2_ISR                           text29       0028D4
__end_of_INT2_SET_HUNDLER_INTERRUPT         text21       00287C
__end_of_INTX_SET_HUNDLER_INTERRUPT         text20       001EAA
__end_of_InterruptManager                   intcode_body 0015E0
__end_of_Interrupt_INTX_intialize           text13       002636
__end_of_Interrupt_INTx_Clear_Flag          text19       002572
__end_of_Interrupt_INTx_Disable             text18       002508
__end_of_Interrupt_INTx_Edge_Init           text17       001952
__end_of_Interrupt_INTx_Enable              text16       00234E
__end_of_Interrupt_INTx_Pin_Init            text14       00285E
__end_of_Interrupt_RBX_intialize            text12       00136A
__end_of_RB4_ISR                            text26       0027BA
__end_of__initialization                    cinit        0025CA
__end_of_application_initialize             text4        00268C
__end_of_burrun0_interrupt                  text33       002156
__end_of_burrun1_interrupt                  text32       0020D0
__end_of_burrun2_interrupt                  text34       0021DC
__end_of_burrun3_interrupt                  text27       00204A
__end_of_get_value_INTX_interrupt           text39       001C04
__end_of_get_value_RBX_interrupt            text28       001CC0
__end_of_gpio_pin_direction_intialize       text15       00170A
__end_of_gpio_pin_intialize                 text10       002432
__end_of_gpio_pin_read_logic                text40       001D66
__end_of_gpio_pin_write_logic               text11       00182E
__end_of_keypad_pin_initialize              text9        001E0A
__end_of_lcd_4_bit_set_cursor               text3        001B44
__end_of_lcd_pins_4_initialize              text5        0014A6
__end_of_main                               text0        00122A
__end_of_send_4_bit_char_data               text2        00225A
__end_of_send_4_bit_command                 text6        0022D8
__end_of_send_4_bit_enable                  text8        0026E0
__end_of_send_4_bit_help                    text7        001F3C
__end_of_send_4_bit_string_data_pos         text1        0023C0
__end_ofi2_gpio_pin_write_logic             text38       001A70
__end_ofi2_send_4_bit_char_data             text35       00249E
__end_ofi2_send_4_bit_enable                text37       00272E
__end_ofi2_send_4_bit_help                  text36       001FC4
__initialization                            cinit        002572
__mediumconst                               mediumconst  000000
__pbssBANK0                                 bssBANK0     0000E2
__pbssCOMRAM                                bssCOMRAM    000024
__pcinit                                    cinit        002572
__pcstackBANK0                              cstackBANK0  0000C1
__pcstackCOMRAM                             cstackCOMRAM 000001
__pdataBANK0                                dataBANK0    000080
__pdataCOMRAM                               dataCOMRAM   000042
__pidataBANK0                               idataBANK0   0027BA
__pidataCOMRAM                              idataCOMRAM  00290C
__pintcode                                  intcode      000008
__pintcode_body                             intcode_body 0014A6
__psmallconst                               smallconst   001000
__ptext0                                    text0        00103E
__ptext1                                    text1        00234E
__ptext10                                   text10       0023C0
__ptext11                                   text11       00170A
__ptext12                                   text12       00122A
__ptext13                                   text13       0025D4
__ptext14                                   text14       002834
__ptext15                                   text15       0015E0
__ptext16                                   text16       0022D8
__ptext17                                   text17       00182E
__ptext18                                   text18       00249E
__ptext19                                   text19       002508
__ptext2                                    text2        0021DC
__ptext20                                   text20       001E0A
__ptext21                                   text21       00285E
__ptext22                                   text22       00287C
__ptext23                                   text23       00289A
__ptext24                                   text24       00272E
__ptext26                                   text26       002776
__ptext27                                   text27       001FC4
__ptext28                                   text28       001C04
__ptext29                                   text29       0028B8
__ptext3                                    text3        001A70
__ptext30                                   text30       0028D4
__ptext31                                   text31       0028F0
__ptext32                                   text32       00204A
__ptext33                                   text33       0020D0
__ptext34                                   text34       002156
__ptext35                                   text35       002432
__ptext36                                   text36       001F3C
__ptext37                                   text37       0026E0
__ptext38                                   text38       001952
__ptext39                                   text39       001B44
__ptext4                                    text4        002636
__ptext40                                   text40       001CC0
__ptext41                                   text41       0027FC
__ptext42                                   text42       000000
__ptext5                                    text5        00136A
__ptext6                                    text6        00225A
__ptext7                                    text7        001EAA
__ptext8                                    text8        00268C
__ptext9                                    text9        001D66
__ramtop                                    ramtop       001000
__smallconst                                smallconst   001000
_application_initialize                     text4        002636
_arr                                        dataBANK0    0000A4
_burrun0_interrupt                          text33       0020D0
_burrun1_interrupt                          text32       00204A
_burrun2_interrupt                          text34       002156
_burrun3_interrupt                          text27       001FC4
_cnt                                        bssCOMRAM    00003F
_cnt_pw                                     bssCOMRAM    00003E
_get_value_INTX_interrupt                   text39       001B44
_get_value_RBX_interrupt                    text28       001C04
_gpio_pin_direction_intialize               text15       0015E0
_gpio_pin_intialize                         text10       0023C0
_gpio_pin_read_logic                        text40       001CC0
_gpio_pin_write_logic                       text11       00170A
_keypad                                     dataCOMRAM   00004F
_keypad_pin_initialize                      text9        001D66
_keypad_val                                 dataBANK0    000080
_lat_reg                                    dataCOMRAM   000042
_lcd_4_bit_set_cursor                       text3        001A70
_lcd_4bit                                   dataCOMRAM   000057
_lcd_pins_4_initialize                      text5        00136A
_main                                       text0        00103E
_port_reg                                   dataBANK0    000090
_psw_st                                     dataCOMRAM   00004E
_rd_value                                   bssCOMRAM    000041
_send_4_bit_char_data                       text2        0021DC
_send_4_bit_command                         text6        00225A
_send_4_bit_enable                          text8        00268C
_send_4_bit_help                            text7        001EAA
_send_4_bit_string_data_pos                 text1        00234E
_tris_reg                                   dataBANK0    00009A
_val                                        bssCOMRAM    000040
btemp                                       temp         00005D
end_of_initialization                       cinit        0025CA
get_value_INTX_interrupt@INTX               cstackCOMRAM 00000D
get_value_INTX_interrupt@cnt                cstackCOMRAM 000015
get_value_INTX_interrupt@keypad             cstackCOMRAM 00000B
get_value_INTX_interrupt@pin_row_st         cstackCOMRAM 000014
get_value_INTX_interrupt@value              cstackCOMRAM 00000F
get_value_RBX_interrupt@RBX                 cstackCOMRAM 00000D
get_value_RBX_interrupt@cnt                 cstackCOMRAM 000015
get_value_RBX_interrupt@keypad              cstackCOMRAM 00000B
get_value_RBX_interrupt@pin_row_st          cstackCOMRAM 000014
get_value_RBX_interrupt@value               cstackCOMRAM 00000F
gpio_pin_direction_intialize@Pin_Config     cstackBANK0  0000C1
gpio_pin_direction_intialize@ret            cstackCOMRAM 000023
gpio_pin_intialize@Pin_Config               cstackBANK0  0000CA
gpio_pin_intialize@ret                      cstackBANK0  0000CD
gpio_pin_read_logic@Pin_Config              cstackCOMRAM 000001
gpio_pin_read_logic@logic                   cstackCOMRAM 000003
gpio_pin_read_logic@ret                     cstackCOMRAM 00000A
gpio_pin_write_logic@Pin_Config             cstackBANK0  0000C1
gpio_pin_write_logic@logic                  cstackBANK0  0000C3
gpio_pin_write_logic@ret                    cstackCOMRAM 000023
i2_gpio_pin_write_logic                     text38       001952
i2_send_4_bit_char_data                     text35       002432
i2_send_4_bit_enable                        text37       0026E0
i2_send_4_bit_help                          text36       001F3C
i2gpio_pin_write_logic@Pin_Config           cstackCOMRAM 000001
i2gpio_pin_write_logic@logic                cstackCOMRAM 000003
i2gpio_pin_write_logic@ret                  cstackCOMRAM 00000A
i2send_4_bit_char_data@data                 cstackCOMRAM 000011
i2send_4_bit_char_data@lcd                  cstackCOMRAM 00000F
i2send_4_bit_char_data@ret                  cstackCOMRAM 000012
i2send_4_bit_enable@lcd                     cstackCOMRAM 00000B
i2send_4_bit_enable@ret                     cstackCOMRAM 00000D
i2send_4_bit_help@data_command              cstackCOMRAM 00000D
i2send_4_bit_help@lcd                       cstackCOMRAM 00000B
i2send_4_bit_help@ret                       cstackCOMRAM 00000E
int$flags                                   temp         00005D
int_func                                    intcode_body 0014A6
intlevel0                                   text         000000
intlevel1                                   text         000000
intlevel2                                   text         000000
intlevel3                                   text         000000
isa$std                                     (abs)        000001
isa$xinst                                   (abs)        000000
keypad_pin_initialize@keypad                cstackBANK0  0000CE
lcd_4_bit_set_cursor@column                 cstackBANK0  0000D5
lcd_4_bit_set_cursor@lcd                    cstackBANK0  0000D2
lcd_4_bit_set_cursor@ret                    cstackBANK0  0000D6
lcd_4_bit_set_cursor@row                    cstackBANK0  0000D4
lcd_pins_4_initialize@cnt_pin               cstackBANK0  0000D6
lcd_pins_4_initialize@lcd                   cstackBANK0  0000D2
lcd_pins_4_initialize@ret                   cstackBANK0  0000D7
main@cnt_row                                cstackBANK0  0000DF
main@i                                      cstackBANK0  0000E0
send_4_bit_char_data@data                   cstackBANK0  0000D0
send_4_bit_char_data@lcd                    cstackBANK0  0000CE
send_4_bit_char_data@ret                    cstackBANK0  0000D1
send_4_bit_command@command                  cstackBANK0  0000D0
send_4_bit_command@lcd                      cstackBANK0  0000CE
send_4_bit_command@ret                      cstackBANK0  0000D1
send_4_bit_enable@lcd                       cstackBANK0  0000CA
send_4_bit_enable@ret                       cstackBANK0  0000CC
send_4_bit_help@data_command                cstackBANK0  0000CC
send_4_bit_help@lcd                         cstackBANK0  0000CA
send_4_bit_help@ret                         cstackBANK0  0000CD
send_4_bit_string_data_pos@column           cstackBANK0  0000DA
send_4_bit_string_data_pos@data             cstackBANK0  0000DB
send_4_bit_string_data_pos@lcd              cstackBANK0  0000D7
send_4_bit_string_data_pos@row              cstackBANK0  0000D9
stackhi                                     (abs)        000000
stacklo                                     (abs)        000000
start                                       init         00000E
start_initialization                        cinit        002572
ttemp5                                      temp         00005E
ttemp6                                      temp         000061
ttemp7                                      temp         000065
wtemp8                                      temp         00005E


MODULE INFORMATION

Module		Function		Class		Link	Load	Size
MCAL_layer/EEPROM/EEPROM.c
		_EEPROM_Read_Data		CODE           	27FC	0000	56
		_EEPROM_Write_Data		CODE           	272E	0000	72

MCAL_layer/EEPROM/EEPROM.c estimated size: 128

ECU_layer/LCD/ecu_lcd.c
		_send_4_bit_string_data_pos		CODE           	234E	0000	114
		_lcd_4_bit_set_cursor		CODE           	1A70	0000	212
		_send_4_bit_enable		CODE           	268C	0000	84
		_lcd_pins_4_initialize		CODE           	136A	0000	316
		_send_4_bit_command		CODE           	225A	0000	126
		_send_4_bit_char_data		CODE           	21DC	0000	126
		_send_4_bit_help		CODE           	1EAA	0000	146

ECU_layer/LCD/ecu_lcd.c estimated size: 1124

ECU_layer/keypad/ecu_keypad.c
		_get_value_RBX_interrupt		CODE           	1C04	0000	188
		_get_value_INTX_interrupt		CODE           	1B44	0000	192
		_keypad_pin_initialize		CODE           	1D66	0000	164

ECU_layer/keypad/ecu_keypad.c estimated size: 544

Password_safe.c
		_burrun2_interrupt		CODE           	2156	0000	134
		_application_initialize		CODE           	2636	0000	86
		_main          		CODE           	103E	0000	492
		_burrun1_interrupt		CODE           	204A	0000	134
		_burrun0_interrupt		CODE           	20D0	0000	134
		_burrun3_interrupt		CODE           	1FC4	0000	134

Password_safe.c estimated size: 1114

MCAL_layer/Interrupt/interrupt_manager.c
		_InterruptManager		CODE           	0008	0000	320

MCAL_layer/Interrupt/interrupt_manager.c estimated size: 320

shared
		i2_send_4_bit_char_data		CODE           	2432	0000	108
		i2_send_4_bit_help		CODE           	1F3C	0000	136
		__initialization		CODE           	2572	0000	88
		i2_gpio_pin_write_logic		CODE           	1952	0000	286
		i2_send_4_bit_enable		CODE           	26E0	0000	78

shared estimated size: 696

MCAL_layer/Interrupt/interrupt_external.c
		_INT0_SET_HUNDLER_INTERRUPT		CODE           	289A	0000	30
		_Interrupt_INTx_Clear_Flag		CODE           	2508	0000	106
		_INT1_SET_HUNDLER_INTERRUPT		CODE           	287C	0000	30
		_Interrupt_INTx_Enable		CODE           	22D8	0000	118
		_RB4_ISR       		CODE           	2776	0000	68
		_INT2_SET_HUNDLER_INTERRUPT		CODE           	285E	0000	30
		_Interrupt_INTX_intialize		CODE           	25D4	0000	98
		_Interrupt_INTx_Edge_Init		CODE           	182E	0000	292
		_INTX_SET_HUNDLER_INTERRUPT		CODE           	1E0A	0000	160
		_Interrupt_INTx_Disable		CODE           	249E	0000	106
		_Interrupt_RBX_intialize		CODE           	122A	0000	320
		_INT0_ISR      		CODE           	28F0	0000	28
		_Interrupt_INTx_Pin_Init		CODE           	2834	0000	42
		_INT1_ISR      		CODE           	28D4	0000	28
		_INT2_ISR      		CODE           	28B8	0000	28

MCAL_layer/Interrupt/interrupt_external.c estimated size: 1484

MCAL_layer/GPIO/gpio.c
		_gpio_pin_write_logic		CODE           	170A	0000	292
		_gpio_pin_intialize		CODE           	23C0	0000	114
		_gpio_pin_read_logic		CODE           	1CC0	0000	166
		_gpio_pin_direction_intialize		CODE           	15E0	0000	298

MCAL_layer/GPIO/gpio.c estimated size: 870

